// Jest Snapshot v1, https://goo.gl/fbAQLP

exports[`should render ExpenseListItem  with expense 1`] = `
<div>
  <h3>
    <Link
      replace={false}
      to="/edit/1"
    >
       
      d1
    </Link>
  </h3>
  <h1>
     Item ID=
    1
  </h1>
  <h3>
     Created At:
    Jan 1st, 1970
  </h3>
  <h3>
     Amount:
    $0.10
  </h3>
</div>
`;
