// Jest Snapshot v1, https://goo.gl/fbAQLP

exports[`should render ExpensesSummary correctly wehis one item 1`] = `
<div>
  <h2>
    Expenses Count : 
    1
     
  </h2>
  <h2>
    Expenses Total : 
    $94.34
     
  </h2>
</div>
`;

exports[`should render ExpensesSummary correctly wehis two items 1`] = `
<div>
  <h2>
    Expenses Count : 
    2
     
  </h2>
  <h2>
    Expenses Total : 
    $94.34
     
  </h2>
</div>
`;
