// Jest Snapshot v1, https://goo.gl/fbAQLP

exports[`should render Header correctly 1`] = `
<header>
  <h1>
    Expensify app
  </h1>
  <NavLink
    activeClassName="is-active"
    ariaCurrent="true"
    to="/add"
  >
    Create 
  </NavLink>
  <NavLink
    activeClassName="is-active"
    ariaCurrent="true"
    to="/help"
  >
    Help 
  </NavLink>
  <NavLink
    activeClassName="is-active"
    ariaCurrent="true"
    to="/dashboard"
  >
    Dashboard 
  </NavLink>
  <button
    onClick={[Function]}
  >
    Logout
  </button>
</header>
`;
